// Jest Snapshot v1, https://goo.gl/fbAQLP

exports[`renders as red 1`] = `
.emotion-0 {
  color: red;
}

<p
  className="emotion-0 emotion-1"
/>
`;

exports[`renders without red 1`] = `
<p
  className="css-olgnlr css-lnhyjl0"
/>
`;
